
===========================================================================
 report_power
============================================================================
======================= nom_tt_025C_1v80 Corner ===================================

Group                    Internal    Switching      Leakage        Total
                            Power        Power        Power        Power (Watts)
------------------------------------------------------------------------
Sequential           2.156792e-05 1.390723e-06 5.627371e-11 2.295869e-05  23.2%
Combinational        5.911388e-05 1.675998e-05 2.775400e-10 7.587414e-05  76.8%
Macro                0.000000e+00 0.000000e+00 0.000000e+00 0.000000e+00   0.0%
Pad                  0.000000e+00 0.000000e+00 0.000000e+00 0.000000e+00   0.0%
------------------------------------------------------------------------
Total                8.068180e-05 1.815070e-05 3.338139e-10 9.883284e-05 100.0%
                            81.6%        18.4%         0.0%
Writing metric power__internal__total: 8.068179886322469e-5
Writing metric power__switching__total: 1.8150702089769766e-5
Writing metric power__leakage__total: 3.33813920949666e-10
Writing metric power__total: 9.883283928502351e-5

