
===========================================================================
report_checks -path_delay max (Setup)
============================================================================
======================= nom_ff_n40C_1v95 Corner ===================================

Startpoint: rollover[3] (input port clocked by clk)
Endpoint: _83_ (rising edge-triggered flip-flop clocked by clk)
Path Group: clk
Path Type: max

Fanout         Cap        Slew       Delay        Time   Description
---------------------------------------------------------------------------------------------
                                  0.000000    0.000000   clock clk (rise edge)
                                  0.000000    0.000000   clock network delay (propagated)
                                  2.000000    2.000000 ^ input external delay
     1    0.002729    0.013667    0.007053    2.007053 ^ rollover[3] (in)
                                                         rollover[3] (net)
                      0.013668    0.000000    2.007053 ^ input7/A (sky130_fd_sc_hd__buf_1)
     4    0.011360    0.104111    0.097766    2.104819 ^ input7/X (sky130_fd_sc_hd__buf_1)
                                                         net7 (net)
                      0.104111    0.000173    2.104992 ^ _41_/A_N (sky130_fd_sc_hd__and2b_1)
     3    0.010622    0.046505    0.140187    2.245179 v _41_/X (sky130_fd_sc_hd__and2b_1)
                                                         _04_ (net)
                      0.046507    0.000248    2.245427 v _42_/C1 (sky130_fd_sc_hd__a211o_1)
     2    0.006300    0.045152    0.119200    2.364626 v _42_/X (sky130_fd_sc_hd__a211o_1)
                                                         _05_ (net)
                      0.045152    0.000115    2.364742 v _48_/B1 (sky130_fd_sc_hd__a2111oi_1)
     2    0.004975    0.269270    0.214385    2.579126 ^ _48_/Y (sky130_fd_sc_hd__a2111oi_1)
                                                         _11_ (net)
                      0.269270    0.000077    2.579203 ^ _49_/C_N (sky130_fd_sc_hd__or3b_1)
     1    0.002939    0.043383    0.201198    2.780401 v _49_/X (sky130_fd_sc_hd__or3b_1)
                                                         _12_ (net)
                      0.043383    0.000085    2.780486 v _55_/A1 (sky130_fd_sc_hd__a21bo_1)
     3    0.007920    0.040538    0.123293    2.903779 v _55_/X (sky130_fd_sc_hd__a21bo_1)
                                                         _18_ (net)
                      0.040539    0.000171    2.903949 v _72_/B (sky130_fd_sc_hd__and3_1)
     1    0.003876    0.030943    0.108198    3.012147 v _72_/X (sky130_fd_sc_hd__and3_1)
                                                         _31_ (net)
                      0.030943    0.000126    3.012273 v _77_/A1 (sky130_fd_sc_hd__o2111ai_1)
     1    0.003766    0.125996    0.135786    3.148060 ^ _77_/Y (sky130_fd_sc_hd__o2111ai_1)
                                                         _36_ (net)
                      0.125996    0.000122    3.148182 ^ _78_/A2 (sky130_fd_sc_hd__a21oi_1)
     1    0.003133    0.040597    0.050852    3.199034 v _78_/Y (sky130_fd_sc_hd__a21oi_1)
                                                         next_flag (net)
                      0.040597    0.000097    3.199132 v _83_/D (sky130_fd_sc_hd__dfrtp_1)
                                              3.199132   data arrival time

                                 10.000000   10.000000   clock clk (rise edge)
                                  0.000000   10.000000   clock source latency
     1    0.010182    0.039143    0.025579   10.025578 ^ clk (in)
                                                         clk (net)
                      0.039146    0.000000   10.025578 ^ clkbuf_0_clk/A (sky130_fd_sc_hd__clkbuf_16)
     2    0.018999    0.030509    0.086058   10.111637 ^ clkbuf_0_clk/X (sky130_fd_sc_hd__clkbuf_16)
                                                         clknet_0_clk (net)
                      0.030511    0.000488   10.112124 ^ clkbuf_1_1__f_clk/A (sky130_fd_sc_hd__clkbuf_16)
     2    0.007215    0.022556    0.075471   10.187596 ^ clkbuf_1_1__f_clk/X (sky130_fd_sc_hd__clkbuf_16)
                                                         clknet_1_1__leaf_clk (net)
                      0.022556    0.000200   10.187796 ^ _83_/CLK (sky130_fd_sc_hd__dfrtp_1)
                                 -0.250000    9.937796   clock uncertainty
                                  0.000000    9.937796   clock reconvergence pessimism
                                 -0.076425    9.861371   library setup time
                                              9.861371   data required time
---------------------------------------------------------------------------------------------
                                              9.861371   data required time
                                             -3.199132   data arrival time
---------------------------------------------------------------------------------------------
                                              6.662239   slack (MET)


Startpoint: rollover[3] (input port clocked by clk)
Endpoint: _79_ (rising edge-triggered flip-flop clocked by clk)
Path Group: clk
Path Type: max

Fanout         Cap        Slew       Delay        Time   Description
---------------------------------------------------------------------------------------------
                                  0.000000    0.000000   clock clk (rise edge)
                                  0.000000    0.000000   clock network delay (propagated)
                                  2.000000    2.000000 ^ input external delay
     1    0.002729    0.013667    0.007053    2.007053 ^ rollover[3] (in)
                                                         rollover[3] (net)
                      0.013668    0.000000    2.007053 ^ input7/A (sky130_fd_sc_hd__buf_1)
     4    0.011360    0.104111    0.097766    2.104819 ^ input7/X (sky130_fd_sc_hd__buf_1)
                                                         net7 (net)
                      0.104111    0.000173    2.104992 ^ _41_/A_N (sky130_fd_sc_hd__and2b_1)
     3    0.010622    0.046505    0.140187    2.245179 v _41_/X (sky130_fd_sc_hd__and2b_1)
                                                         _04_ (net)
                      0.046507    0.000248    2.245427 v _42_/C1 (sky130_fd_sc_hd__a211o_1)
     2    0.006300    0.045152    0.119200    2.364626 v _42_/X (sky130_fd_sc_hd__a211o_1)
                                                         _05_ (net)
                      0.045152    0.000115    2.364742 v _48_/B1 (sky130_fd_sc_hd__a2111oi_1)
     2    0.004975    0.269270    0.214385    2.579126 ^ _48_/Y (sky130_fd_sc_hd__a2111oi_1)
                                                         _11_ (net)
                      0.269270    0.000077    2.579203 ^ _49_/C_N (sky130_fd_sc_hd__or3b_1)
     1    0.002939    0.043383    0.201198    2.780401 v _49_/X (sky130_fd_sc_hd__or3b_1)
                                                         _12_ (net)
                      0.043383    0.000085    2.780486 v _55_/A1 (sky130_fd_sc_hd__a21bo_1)
     3    0.007920    0.040538    0.123293    2.903779 v _55_/X (sky130_fd_sc_hd__a21bo_1)
                                                         _18_ (net)
                      0.040539    0.000113    2.903892 v _58_/A (sky130_fd_sc_hd__and2_1)
     1    0.004009    0.029062    0.091070    2.994962 v _58_/X (sky130_fd_sc_hd__and2_1)
                                                         _21_ (net)
                      0.029062    0.000139    2.995101 v _59_/A (sky130_fd_sc_hd__clkbuf_1)
     1    0.002763    0.018355    0.055523    3.050624 v _59_/X (sky130_fd_sc_hd__clkbuf_1)
                                                         next_count[0] (net)
                      0.018356    0.000080    3.050704 v _79_/D (sky130_fd_sc_hd__dfrtp_4)
                                              3.050704   data arrival time

                                 10.000000   10.000000   clock clk (rise edge)
                                  0.000000   10.000000   clock source latency
     1    0.010182    0.039143    0.025579   10.025578 ^ clk (in)
                                                         clk (net)
                      0.039146    0.000000   10.025578 ^ clkbuf_0_clk/A (sky130_fd_sc_hd__clkbuf_16)
     2    0.018999    0.030509    0.086058   10.111637 ^ clkbuf_0_clk/X (sky130_fd_sc_hd__clkbuf_16)
                                                         clknet_0_clk (net)
                      0.030511    0.000488   10.112124 ^ clkbuf_1_1__f_clk/A (sky130_fd_sc_hd__clkbuf_16)
     2    0.007215    0.022556    0.075471   10.187596 ^ clkbuf_1_1__f_clk/X (sky130_fd_sc_hd__clkbuf_16)
                                                         clknet_1_1__leaf_clk (net)
                      0.022556    0.000184   10.187779 ^ _79_/CLK (sky130_fd_sc_hd__dfrtp_4)
                                 -0.250000    9.937779   clock uncertainty
                                  0.000000    9.937779   clock reconvergence pessimism
                                 -0.068509    9.869270   library setup time
                                              9.869270   data required time
---------------------------------------------------------------------------------------------
                                              9.869270   data required time
                                             -3.050704   data arrival time
---------------------------------------------------------------------------------------------
                                              6.818566   slack (MET)


Startpoint: rollover[3] (input port clocked by clk)
Endpoint: _82_ (rising edge-triggered flip-flop clocked by clk)
Path Group: clk
Path Type: max

Fanout         Cap        Slew       Delay        Time   Description
---------------------------------------------------------------------------------------------
                                  0.000000    0.000000   clock clk (rise edge)
                                  0.000000    0.000000   clock network delay (propagated)
                                  2.000000    2.000000 ^ input external delay
     1    0.002729    0.013667    0.007053    2.007053 ^ rollover[3] (in)
                                                         rollover[3] (net)
                      0.013668    0.000000    2.007053 ^ input7/A (sky130_fd_sc_hd__buf_1)
     4    0.011360    0.104111    0.097766    2.104819 ^ input7/X (sky130_fd_sc_hd__buf_1)
                                                         net7 (net)
                      0.104111    0.000173    2.104992 ^ _41_/A_N (sky130_fd_sc_hd__and2b_1)
     3    0.010622    0.046505    0.140187    2.245179 v _41_/X (sky130_fd_sc_hd__and2b_1)
                                                         _04_ (net)
                      0.046507    0.000248    2.245427 v _42_/C1 (sky130_fd_sc_hd__a211o_1)
     2    0.006300    0.045152    0.119200    2.364626 v _42_/X (sky130_fd_sc_hd__a211o_1)
                                                         _05_ (net)
                      0.045152    0.000115    2.364742 v _48_/B1 (sky130_fd_sc_hd__a2111oi_1)
     2    0.004975    0.269270    0.214385    2.579126 ^ _48_/Y (sky130_fd_sc_hd__a2111oi_1)
                                                         _11_ (net)
                      0.269270    0.000122    2.579248 ^ max_cap13/A (sky130_fd_sc_hd__clkbuf_1)
     1    0.005208    0.053774    0.073805    2.653053 ^ max_cap13/X (sky130_fd_sc_hd__clkbuf_1)
                                                         net13 (net)
                      0.053774    0.000116    2.653169 ^ _60_/A2 (sky130_fd_sc_hd__o31ai_2)
     3    0.008701    0.047776    0.050059    2.703228 v _60_/Y (sky130_fd_sc_hd__o31ai_2)
                                                         _22_ (net)
                      0.047777    0.000247    2.703475 v _69_/B (sky130_fd_sc_hd__and3_1)
     1    0.003438    0.029570    0.109142    2.812617 v _69_/X (sky130_fd_sc_hd__and3_1)
                                                         _29_ (net)
                      0.029570    0.000113    2.812730 v _70_/A (sky130_fd_sc_hd__buf_1)
     2    0.008959    0.040335    0.075561    2.888291 v _70_/X (sky130_fd_sc_hd__buf_1)
                                                         next_count[3] (net)
                      0.040336    0.000187    2.888478 v _82_/D (sky130_fd_sc_hd__dfrtp_1)
                                              2.888478   data arrival time

                                 10.000000   10.000000   clock clk (rise edge)
                                  0.000000   10.000000   clock source latency
     1    0.010182    0.039143    0.025579   10.025578 ^ clk (in)
                                                         clk (net)
                      0.039146    0.000000   10.025578 ^ clkbuf_0_clk/A (sky130_fd_sc_hd__clkbuf_16)
     2    0.018999    0.030509    0.086058   10.111637 ^ clkbuf_0_clk/X (sky130_fd_sc_hd__clkbuf_16)
                                                         clknet_0_clk (net)
                      0.030511    0.000552   10.112188 ^ clkbuf_1_0__f_clk/A (sky130_fd_sc_hd__clkbuf_16)
     3    0.009246    0.024015    0.076987   10.189176 ^ clkbuf_1_0__f_clk/X (sky130_fd_sc_hd__clkbuf_16)
                                                         clknet_1_0__leaf_clk (net)
                      0.024016    0.000162   10.189338 ^ _82_/CLK (sky130_fd_sc_hd__dfrtp_1)
                                 -0.250000    9.939338   clock uncertainty
                                  0.000000    9.939338   clock reconvergence pessimism
                                 -0.076191    9.863146   library setup time
                                              9.863146   data required time
---------------------------------------------------------------------------------------------
                                              9.863146   data required time
                                             -2.888478   data arrival time
---------------------------------------------------------------------------------------------
                                              6.974668   slack (MET)


Startpoint: rollover[3] (input port clocked by clk)
Endpoint: _80_ (rising edge-triggered flip-flop clocked by clk)
Path Group: clk
Path Type: max

Fanout         Cap        Slew       Delay        Time   Description
---------------------------------------------------------------------------------------------
                                  0.000000    0.000000   clock clk (rise edge)
                                  0.000000    0.000000   clock network delay (propagated)
                                  2.000000    2.000000 ^ input external delay
     1    0.002729    0.013667    0.007053    2.007053 ^ rollover[3] (in)
                                                         rollover[3] (net)
                      0.013668    0.000000    2.007053 ^ input7/A (sky130_fd_sc_hd__buf_1)
     4    0.011360    0.104111    0.097766    2.104819 ^ input7/X (sky130_fd_sc_hd__buf_1)
                                                         net7 (net)
                      0.104111    0.000173    2.104992 ^ _41_/A_N (sky130_fd_sc_hd__and2b_1)
     3    0.010622    0.046505    0.140187    2.245179 v _41_/X (sky130_fd_sc_hd__and2b_1)
                                                         _04_ (net)
                      0.046507    0.000248    2.245427 v _42_/C1 (sky130_fd_sc_hd__a211o_1)
     2    0.006300    0.045152    0.119200    2.364626 v _42_/X (sky130_fd_sc_hd__a211o_1)
                                                         _05_ (net)
                      0.045152    0.000115    2.364742 v _48_/B1 (sky130_fd_sc_hd__a2111oi_1)
     2    0.004975    0.269270    0.214385    2.579126 ^ _48_/Y (sky130_fd_sc_hd__a2111oi_1)
                                                         _11_ (net)
                      0.269270    0.000122    2.579248 ^ max_cap13/A (sky130_fd_sc_hd__clkbuf_1)
     1    0.005208    0.053774    0.073805    2.653053 ^ max_cap13/X (sky130_fd_sc_hd__clkbuf_1)
                                                         net13 (net)
                      0.053774    0.000116    2.653169 ^ _60_/A2 (sky130_fd_sc_hd__o31ai_2)
     3    0.008701    0.047776    0.050059    2.703228 v _60_/Y (sky130_fd_sc_hd__o31ai_2)
                                                         _22_ (net)
                      0.047777    0.000236    2.703464 v _64_/B (sky130_fd_sc_hd__and3_1)
     1    0.003669    0.030408    0.110212    2.813676 v _64_/X (sky130_fd_sc_hd__and3_1)
                                                         _26_ (net)
                      0.030408    0.000117    2.813793 v _65_/A (sky130_fd_sc_hd__buf_1)
     2    0.007896    0.036780    0.072595    2.886388 v _65_/X (sky130_fd_sc_hd__buf_1)
                                                         next_count[1] (net)
                      0.036781    0.000158    2.886546 v _80_/D (sky130_fd_sc_hd__dfrtp_1)
                                              2.886546   data arrival time

                                 10.000000   10.000000   clock clk (rise edge)
                                  0.000000   10.000000   clock source latency
     1    0.010182    0.039143    0.025579   10.025578 ^ clk (in)
                                                         clk (net)
                      0.039146    0.000000   10.025578 ^ clkbuf_0_clk/A (sky130_fd_sc_hd__clkbuf_16)
     2    0.018999    0.030509    0.086058   10.111637 ^ clkbuf_0_clk/X (sky130_fd_sc_hd__clkbuf_16)
                                                         clknet_0_clk (net)
                      0.030511    0.000552   10.112188 ^ clkbuf_1_0__f_clk/A (sky130_fd_sc_hd__clkbuf_16)
     3    0.009246    0.024015    0.076987   10.189176 ^ clkbuf_1_0__f_clk/X (sky130_fd_sc_hd__clkbuf_16)
                                                         clknet_1_0__leaf_clk (net)
                      0.024016    0.000167   10.189343 ^ _80_/CLK (sky130_fd_sc_hd__dfrtp_1)
                                 -0.250000    9.939342   clock uncertainty
                                  0.000000    9.939342   clock reconvergence pessimism
                                 -0.074921    9.864423   library setup time
                                              9.864423   data required time
---------------------------------------------------------------------------------------------
                                              9.864423   data required time
                                             -2.886546   data arrival time
---------------------------------------------------------------------------------------------
                                              6.977876   slack (MET)


Startpoint: rollover[3] (input port clocked by clk)
Endpoint: _81_ (rising edge-triggered flip-flop clocked by clk)
Path Group: clk
Path Type: max

Fanout         Cap        Slew       Delay        Time   Description
---------------------------------------------------------------------------------------------
                                  0.000000    0.000000   clock clk (rise edge)
                                  0.000000    0.000000   clock network delay (propagated)
                                  2.000000    2.000000 ^ input external delay
     1    0.002729    0.013667    0.007053    2.007053 ^ rollover[3] (in)
                                                         rollover[3] (net)
                      0.013668    0.000000    2.007053 ^ input7/A (sky130_fd_sc_hd__buf_1)
     4    0.011360    0.104111    0.097766    2.104819 ^ input7/X (sky130_fd_sc_hd__buf_1)
                                                         net7 (net)
                      0.104111    0.000173    2.104992 ^ _41_/A_N (sky130_fd_sc_hd__and2b_1)
     3    0.010622    0.046505    0.140187    2.245179 v _41_/X (sky130_fd_sc_hd__and2b_1)
                                                         _04_ (net)
                      0.046507    0.000248    2.245427 v _42_/C1 (sky130_fd_sc_hd__a211o_1)
     2    0.006300    0.045152    0.119200    2.364626 v _42_/X (sky130_fd_sc_hd__a211o_1)
                                                         _05_ (net)
                      0.045152    0.000115    2.364742 v _48_/B1 (sky130_fd_sc_hd__a2111oi_1)
     2    0.004975    0.269270    0.214385    2.579126 ^ _48_/Y (sky130_fd_sc_hd__a2111oi_1)
                                                         _11_ (net)
                      0.269270    0.000122    2.579248 ^ max_cap13/A (sky130_fd_sc_hd__clkbuf_1)
     1    0.005208    0.053774    0.073805    2.653053 ^ max_cap13/X (sky130_fd_sc_hd__clkbuf_1)
                                                         net13 (net)
                      0.053774    0.000116    2.653169 ^ _60_/A2 (sky130_fd_sc_hd__o31ai_2)
     3    0.008701    0.047776    0.050059    2.703228 v _60_/Y (sky130_fd_sc_hd__o31ai_2)
                                                         _22_ (net)
                      0.047777    0.000245    2.703474 v _67_/C1 (sky130_fd_sc_hd__o211a_1)
     2    0.008508    0.045564    0.087201    2.790674 v _67_/X (sky130_fd_sc_hd__o211a_1)
                                                         next_count[2] (net)
                      0.045565    0.000171    2.790845 v _81_/D (sky130_fd_sc_hd__dfrtp_2)
                                              2.790845   data arrival time

                                 10.000000   10.000000   clock clk (rise edge)
                                  0.000000   10.000000   clock source latency
     1    0.010182    0.039143    0.025579   10.025578 ^ clk (in)
                                                         clk (net)
                      0.039146    0.000000   10.025578 ^ clkbuf_0_clk/A (sky130_fd_sc_hd__clkbuf_16)
     2    0.018999    0.030509    0.086058   10.111637 ^ clkbuf_0_clk/X (sky130_fd_sc_hd__clkbuf_16)
                                                         clknet_0_clk (net)
                      0.030511    0.000552   10.112188 ^ clkbuf_1_0__f_clk/A (sky130_fd_sc_hd__clkbuf_16)
     3    0.009246    0.024015    0.076987   10.189176 ^ clkbuf_1_0__f_clk/X (sky130_fd_sc_hd__clkbuf_16)
                                                         clknet_1_0__leaf_clk (net)
                      0.024016    0.000164   10.189341 ^ _81_/CLK (sky130_fd_sc_hd__dfrtp_2)
                                 -0.250000    9.939341   clock uncertainty
                                  0.000000    9.939341   clock reconvergence pessimism
                                 -0.079280    9.860061   library setup time
                                              9.860061   data required time
---------------------------------------------------------------------------------------------
                                              9.860061   data required time
                                             -2.790845   data arrival time
---------------------------------------------------------------------------------------------
                                              7.069215   slack (MET)


Startpoint: _79_ (rising edge-triggered flip-flop clocked by clk)
Endpoint: count[0] (output port clocked by clk)
Path Group: clk
Path Type: max

Fanout         Cap        Slew       Delay        Time   Description
---------------------------------------------------------------------------------------------
                                  0.000000    0.000000   clock clk (rise edge)
                                  0.000000    0.000000   clock source latency
     1    0.010182    0.039143    0.025578    0.025578 ^ clk (in)
                                                         clk (net)
                      0.039146    0.000000    0.025578 ^ clkbuf_0_clk/A (sky130_fd_sc_hd__clkbuf_16)
     2    0.018999    0.030509    0.086059    0.111637 ^ clkbuf_0_clk/X (sky130_fd_sc_hd__clkbuf_16)
                                                         clknet_0_clk (net)
                      0.030511    0.000488    0.112125 ^ clkbuf_1_1__f_clk/A (sky130_fd_sc_hd__clkbuf_16)
     2    0.007215    0.022556    0.075471    0.187596 ^ clkbuf_1_1__f_clk/X (sky130_fd_sc_hd__clkbuf_16)
                                                         clknet_1_1__leaf_clk (net)
                      0.022556    0.000184    0.187780 ^ _79_/CLK (sky130_fd_sc_hd__dfrtp_4)
     7    0.023127    0.061302    0.313438    0.501218 v _79_/Q (sky130_fd_sc_hd__dfrtp_4)
                                                         net8 (net)
                      0.061305    0.001169    0.502387 v output8/A (sky130_fd_sc_hd__buf_2)
     1    0.034938    0.063865    0.130552    0.632939 v output8/X (sky130_fd_sc_hd__buf_2)
                                                         count[0] (net)
                      0.063879    0.000797    0.633736 v count[0] (out)
                                              0.633736   data arrival time

                                 10.000000   10.000000   clock clk (rise edge)
                                  0.000000   10.000000   clock network delay (propagated)
                                 -0.250000    9.750000   clock uncertainty
                                  0.000000    9.750000   clock reconvergence pessimism
                                 -2.000000    7.750000   output external delay
                                              7.750000   data required time
---------------------------------------------------------------------------------------------
                                              7.750000   data required time
                                             -0.633736   data arrival time
---------------------------------------------------------------------------------------------
                                              7.116264   slack (MET)


Startpoint: _81_ (rising edge-triggered flip-flop clocked by clk)
Endpoint: count[2] (output port clocked by clk)
Path Group: clk
Path Type: max

Fanout         Cap        Slew       Delay        Time   Description
---------------------------------------------------------------------------------------------
                                  0.000000    0.000000   clock clk (rise edge)
                                  0.000000    0.000000   clock source latency
     1    0.010182    0.039143    0.025578    0.025578 ^ clk (in)
                                                         clk (net)
                      0.039146    0.000000    0.025578 ^ clkbuf_0_clk/A (sky130_fd_sc_hd__clkbuf_16)
     2    0.018999    0.030509    0.086059    0.111637 ^ clkbuf_0_clk/X (sky130_fd_sc_hd__clkbuf_16)
                                                         clknet_0_clk (net)
                      0.030511    0.000551    0.112188 ^ clkbuf_1_0__f_clk/A (sky130_fd_sc_hd__clkbuf_16)
     3    0.009246    0.024015    0.076988    0.189176 ^ clkbuf_1_0__f_clk/X (sky130_fd_sc_hd__clkbuf_16)
                                                         clknet_1_0__leaf_clk (net)
                      0.024016    0.000164    0.189340 ^ _81_/CLK (sky130_fd_sc_hd__dfrtp_2)
     7    0.024025    0.063305    0.279426    0.468766 v _81_/Q (sky130_fd_sc_hd__dfrtp_2)
                                                         net10 (net)
                      0.063315    0.000681    0.469446 v output10/A (sky130_fd_sc_hd__clkbuf_4)
     1    0.034433    0.056797    0.136517    0.605964 v output10/X (sky130_fd_sc_hd__clkbuf_4)
                                                         count[2] (net)
                      0.056813    0.000783    0.606746 v count[2] (out)
                                              0.606746   data arrival time

                                 10.000000   10.000000   clock clk (rise edge)
                                  0.000000   10.000000   clock network delay (propagated)
                                 -0.250000    9.750000   clock uncertainty
                                  0.000000    9.750000   clock reconvergence pessimism
                                 -2.000000    7.750000   output external delay
                                              7.750000   data required time
---------------------------------------------------------------------------------------------
                                              7.750000   data required time
                                             -0.606746   data arrival time
---------------------------------------------------------------------------------------------
                                              7.143254   slack (MET)


Startpoint: _80_ (rising edge-triggered flip-flop clocked by clk)
Endpoint: count[1] (output port clocked by clk)
Path Group: clk
Path Type: max

Fanout         Cap        Slew       Delay        Time   Description
---------------------------------------------------------------------------------------------
                                  0.000000    0.000000   clock clk (rise edge)
                                  0.000000    0.000000   clock source latency
     1    0.010182    0.039143    0.025578    0.025578 ^ clk (in)
                                                         clk (net)
                      0.039146    0.000000    0.025578 ^ clkbuf_0_clk/A (sky130_fd_sc_hd__clkbuf_16)
     2    0.018999    0.030509    0.086059    0.111637 ^ clkbuf_0_clk/X (sky130_fd_sc_hd__clkbuf_16)
                                                         clknet_0_clk (net)
                      0.030511    0.000551    0.112188 ^ clkbuf_1_0__f_clk/A (sky130_fd_sc_hd__clkbuf_16)
     3    0.009246    0.024015    0.076988    0.189176 ^ clkbuf_1_0__f_clk/X (sky130_fd_sc_hd__clkbuf_16)
                                                         clknet_1_0__leaf_clk (net)
                      0.024016    0.000166    0.189342 ^ _80_/CLK (sky130_fd_sc_hd__dfrtp_1)
     5    0.017544    0.121474    0.264301    0.453643 ^ _80_/Q (sky130_fd_sc_hd__dfrtp_1)
                                                         net9 (net)
                      0.121475    0.000258    0.453901 ^ output9/A (sky130_fd_sc_hd__clkbuf_4)
     1    0.033949    0.083930    0.150906    0.604807 ^ output9/X (sky130_fd_sc_hd__clkbuf_4)
                                                         count[1] (net)
                      0.083938    0.000682    0.605490 ^ count[1] (out)
                                              0.605490   data arrival time

                                 10.000000   10.000000   clock clk (rise edge)
                                  0.000000   10.000000   clock network delay (propagated)
                                 -0.250000    9.750000   clock uncertainty
                                  0.000000    9.750000   clock reconvergence pessimism
                                 -2.000000    7.750000   output external delay
                                              7.750000   data required time
---------------------------------------------------------------------------------------------
                                              7.750000   data required time
                                             -0.605490   data arrival time
---------------------------------------------------------------------------------------------
                                              7.144511   slack (MET)


Startpoint: _82_ (rising edge-triggered flip-flop clocked by clk)
Endpoint: count[3] (output port clocked by clk)
Path Group: clk
Path Type: max

Fanout         Cap        Slew       Delay        Time   Description
---------------------------------------------------------------------------------------------
                                  0.000000    0.000000   clock clk (rise edge)
                                  0.000000    0.000000   clock source latency
     1    0.010182    0.039143    0.025578    0.025578 ^ clk (in)
                                                         clk (net)
                      0.039146    0.000000    0.025578 ^ clkbuf_0_clk/A (sky130_fd_sc_hd__clkbuf_16)
     2    0.018999    0.030509    0.086059    0.111637 ^ clkbuf_0_clk/X (sky130_fd_sc_hd__clkbuf_16)
                                                         clknet_0_clk (net)
                      0.030511    0.000551    0.112188 ^ clkbuf_1_0__f_clk/A (sky130_fd_sc_hd__clkbuf_16)
     3    0.009246    0.024015    0.076988    0.189176 ^ clkbuf_1_0__f_clk/X (sky130_fd_sc_hd__clkbuf_16)
                                                         clknet_1_0__leaf_clk (net)
                      0.024016    0.000161    0.189337 ^ _82_/CLK (sky130_fd_sc_hd__dfrtp_1)
     4    0.015720    0.109936    0.255931    0.445269 ^ _82_/Q (sky130_fd_sc_hd__dfrtp_1)
                                                         net11 (net)
                      0.109938    0.000410    0.445679 ^ output11/A (sky130_fd_sc_hd__clkbuf_4)
     1    0.034333    0.084700    0.148180    0.593859 ^ output11/X (sky130_fd_sc_hd__clkbuf_4)
                                                         count[3] (net)
                      0.084709    0.000739    0.594599 ^ count[3] (out)
                                              0.594599   data arrival time

                                 10.000000   10.000000   clock clk (rise edge)
                                  0.000000   10.000000   clock network delay (propagated)
                                 -0.250000    9.750000   clock uncertainty
                                  0.000000    9.750000   clock reconvergence pessimism
                                 -2.000000    7.750000   output external delay
                                              7.750000   data required time
---------------------------------------------------------------------------------------------
                                              7.750000   data required time
                                             -0.594599   data arrival time
---------------------------------------------------------------------------------------------
                                              7.155401   slack (MET)


Startpoint: _83_ (rising edge-triggered flip-flop clocked by clk)
Endpoint: flag (output port clocked by clk)
Path Group: clk
Path Type: max

Fanout         Cap        Slew       Delay        Time   Description
---------------------------------------------------------------------------------------------
                                  0.000000    0.000000   clock clk (rise edge)
                                  0.000000    0.000000   clock source latency
     1    0.010182    0.039143    0.025578    0.025578 ^ clk (in)
                                                         clk (net)
                      0.039146    0.000000    0.025578 ^ clkbuf_0_clk/A (sky130_fd_sc_hd__clkbuf_16)
     2    0.018999    0.030509    0.086059    0.111637 ^ clkbuf_0_clk/X (sky130_fd_sc_hd__clkbuf_16)
                                                         clknet_0_clk (net)
                      0.030511    0.000488    0.112125 ^ clkbuf_1_1__f_clk/A (sky130_fd_sc_hd__clkbuf_16)
     2    0.007215    0.022556    0.075471    0.187596 ^ clkbuf_1_1__f_clk/X (sky130_fd_sc_hd__clkbuf_16)
                                                         clknet_1_1__leaf_clk (net)
                      0.022556    0.000200    0.187796 ^ _83_/CLK (sky130_fd_sc_hd__dfrtp_1)
     1    0.003625    0.030820    0.221848    0.409644 v _83_/Q (sky130_fd_sc_hd__dfrtp_1)
                                                         net12 (net)
                      0.030821    0.000119    0.409762 v output12/A (sky130_fd_sc_hd__clkbuf_4)
     1    0.034213    0.056471    0.122834    0.532596 v output12/X (sky130_fd_sc_hd__clkbuf_4)
                                                         flag (net)
                      0.056482    0.000659    0.533255 v flag (out)
                                              0.533255   data arrival time

                                 10.000000   10.000000   clock clk (rise edge)
                                  0.000000   10.000000   clock network delay (propagated)
                                 -0.250000    9.750000   clock uncertainty
                                  0.000000    9.750000   clock reconvergence pessimism
                                 -2.000000    7.750000   output external delay
                                              7.750000   data required time
---------------------------------------------------------------------------------------------
                                              7.750000   data required time
                                             -0.533255   data arrival time
---------------------------------------------------------------------------------------------
                                              7.216745   slack (MET)


Startpoint: nRST (input port clocked by clk)
Endpoint: _79_ (recovery check against rising-edge clock clk)
Path Group: asynchronous
Path Type: max

Fanout         Cap        Slew       Delay        Time   Description
---------------------------------------------------------------------------------------------
                                  0.000000    0.000000   clock clk (rise edge)
                                  0.000000    0.000000   clock network delay (propagated)
                                  2.000000    2.000000 ^ input external delay
     1    0.003352    0.015896    0.008689    2.008689 ^ nRST (in)
                                                         nRST (net)
                      0.015896    0.000000    2.008689 ^ input3/A (sky130_fd_sc_hd__clkbuf_2)
     5    0.025333    0.109066    0.117022    2.125711 ^ input3/X (sky130_fd_sc_hd__clkbuf_2)
                                                         net3 (net)
                      0.109078    0.000937    2.126649 ^ _79_/RESET_B (sky130_fd_sc_hd__dfrtp_4)
                                              2.126649   data arrival time

                                 10.000000   10.000000   clock clk (rise edge)
                                  0.000000   10.000000   clock source latency
     1    0.010182    0.039143    0.025579   10.025578 ^ clk (in)
                                                         clk (net)
                      0.039146    0.000000   10.025578 ^ clkbuf_0_clk/A (sky130_fd_sc_hd__clkbuf_16)
     2    0.018999    0.030509    0.086058   10.111637 ^ clkbuf_0_clk/X (sky130_fd_sc_hd__clkbuf_16)
                                                         clknet_0_clk (net)
                      0.030511    0.000488   10.112124 ^ clkbuf_1_1__f_clk/A (sky130_fd_sc_hd__clkbuf_16)
     2    0.007215    0.022556    0.075471   10.187596 ^ clkbuf_1_1__f_clk/X (sky130_fd_sc_hd__clkbuf_16)
                                                         clknet_1_1__leaf_clk (net)
                      0.022556    0.000184   10.187779 ^ _79_/CLK (sky130_fd_sc_hd__dfrtp_4)
                                 -0.250000    9.937779   clock uncertainty
                                  0.000000    9.937779   clock reconvergence pessimism
                                  0.105212   10.042992   library recovery time
                                             10.042992   data required time
---------------------------------------------------------------------------------------------
                                             10.042992   data required time
                                             -2.126649   data arrival time
---------------------------------------------------------------------------------------------
                                              7.916343   slack (MET)


Startpoint: nRST (input port clocked by clk)
Endpoint: _81_ (recovery check against rising-edge clock clk)
Path Group: asynchronous
Path Type: max

Fanout         Cap        Slew       Delay        Time   Description
---------------------------------------------------------------------------------------------
                                  0.000000    0.000000   clock clk (rise edge)
                                  0.000000    0.000000   clock network delay (propagated)
                                  2.000000    2.000000 ^ input external delay
     1    0.003352    0.015896    0.008689    2.008689 ^ nRST (in)
                                                         nRST (net)
                      0.015896    0.000000    2.008689 ^ input3/A (sky130_fd_sc_hd__clkbuf_2)
     5    0.025333    0.109066    0.117022    2.125711 ^ input3/X (sky130_fd_sc_hd__clkbuf_2)
                                                         net3 (net)
                      0.109075    0.000789    2.126501 ^ _81_/RESET_B (sky130_fd_sc_hd__dfrtp_2)
                                              2.126501   data arrival time

                                 10.000000   10.000000   clock clk (rise edge)
                                  0.000000   10.000000   clock source latency
     1    0.010182    0.039143    0.025579   10.025578 ^ clk (in)
                                                         clk (net)
                      0.039146    0.000000   10.025578 ^ clkbuf_0_clk/A (sky130_fd_sc_hd__clkbuf_16)
     2    0.018999    0.030509    0.086058   10.111637 ^ clkbuf_0_clk/X (sky130_fd_sc_hd__clkbuf_16)
                                                         clknet_0_clk (net)
                      0.030511    0.000552   10.112188 ^ clkbuf_1_0__f_clk/A (sky130_fd_sc_hd__clkbuf_16)
     3    0.009246    0.024015    0.076987   10.189176 ^ clkbuf_1_0__f_clk/X (sky130_fd_sc_hd__clkbuf_16)
                                                         clknet_1_0__leaf_clk (net)
                      0.024016    0.000164   10.189341 ^ _81_/CLK (sky130_fd_sc_hd__dfrtp_2)
                                 -0.250000    9.939341   clock uncertainty
                                  0.000000    9.939341   clock reconvergence pessimism
                                  0.112578   10.051919   library recovery time
                                             10.051919   data required time
---------------------------------------------------------------------------------------------
                                             10.051919   data required time
                                             -2.126501   data arrival time
---------------------------------------------------------------------------------------------
                                              7.925418   slack (MET)


Startpoint: nRST (input port clocked by clk)
Endpoint: _83_ (recovery check against rising-edge clock clk)
Path Group: asynchronous
Path Type: max

Fanout         Cap        Slew       Delay        Time   Description
---------------------------------------------------------------------------------------------
                                  0.000000    0.000000   clock clk (rise edge)
                                  0.000000    0.000000   clock network delay (propagated)
                                  2.000000    2.000000 ^ input external delay
     1    0.003352    0.015896    0.008689    2.008689 ^ nRST (in)
                                                         nRST (net)
                      0.015896    0.000000    2.008689 ^ input3/A (sky130_fd_sc_hd__clkbuf_2)
     5    0.025333    0.109066    0.117022    2.125711 ^ input3/X (sky130_fd_sc_hd__clkbuf_2)
                                                         net3 (net)
                      0.109079    0.000964    2.126675 ^ _83_/RESET_B (sky130_fd_sc_hd__dfrtp_1)
                                              2.126675   data arrival time

                                 10.000000   10.000000   clock clk (rise edge)
                                  0.000000   10.000000   clock source latency
     1    0.010182    0.039143    0.025579   10.025578 ^ clk (in)
                                                         clk (net)
                      0.039146    0.000000   10.025578 ^ clkbuf_0_clk/A (sky130_fd_sc_hd__clkbuf_16)
     2    0.018999    0.030509    0.086058   10.111637 ^ clkbuf_0_clk/X (sky130_fd_sc_hd__clkbuf_16)
                                                         clknet_0_clk (net)
                      0.030511    0.000488   10.112124 ^ clkbuf_1_1__f_clk/A (sky130_fd_sc_hd__clkbuf_16)
     2    0.007215    0.022556    0.075471   10.187596 ^ clkbuf_1_1__f_clk/X (sky130_fd_sc_hd__clkbuf_16)
                                                         clknet_1_1__leaf_clk (net)
                      0.022556    0.000200   10.187796 ^ _83_/CLK (sky130_fd_sc_hd__dfrtp_1)
                                 -0.250000    9.937796   clock uncertainty
                                  0.000000    9.937796   clock reconvergence pessimism
                                  0.127768   10.065564   library recovery time
                                             10.065564   data required time
---------------------------------------------------------------------------------------------
                                             10.065564   data required time
                                             -2.126675   data arrival time
---------------------------------------------------------------------------------------------
                                              7.938889   slack (MET)


Startpoint: nRST (input port clocked by clk)
Endpoint: _80_ (recovery check against rising-edge clock clk)
Path Group: asynchronous
Path Type: max

Fanout         Cap        Slew       Delay        Time   Description
---------------------------------------------------------------------------------------------
                                  0.000000    0.000000   clock clk (rise edge)
                                  0.000000    0.000000   clock network delay (propagated)
                                  2.000000    2.000000 ^ input external delay
     1    0.003352    0.015896    0.008689    2.008689 ^ nRST (in)
                                                         nRST (net)
                      0.015896    0.000000    2.008689 ^ input3/A (sky130_fd_sc_hd__clkbuf_2)
     5    0.025333    0.109066    0.117022    2.125711 ^ input3/X (sky130_fd_sc_hd__clkbuf_2)
                                                         net3 (net)
                      0.109074    0.000743    2.126454 ^ _80_/RESET_B (sky130_fd_sc_hd__dfrtp_1)
                                              2.126454   data arrival time

                                 10.000000   10.000000   clock clk (rise edge)
                                  0.000000   10.000000   clock source latency
     1    0.010182    0.039143    0.025579   10.025578 ^ clk (in)
                                                         clk (net)
                      0.039146    0.000000   10.025578 ^ clkbuf_0_clk/A (sky130_fd_sc_hd__clkbuf_16)
     2    0.018999    0.030509    0.086058   10.111637 ^ clkbuf_0_clk/X (sky130_fd_sc_hd__clkbuf_16)
                                                         clknet_0_clk (net)
                      0.030511    0.000552   10.112188 ^ clkbuf_1_0__f_clk/A (sky130_fd_sc_hd__clkbuf_16)
     3    0.009246    0.024015    0.076987   10.189176 ^ clkbuf_1_0__f_clk/X (sky130_fd_sc_hd__clkbuf_16)
                                                         clknet_1_0__leaf_clk (net)
                      0.024016    0.000167   10.189343 ^ _80_/CLK (sky130_fd_sc_hd__dfrtp_1)
                                 -0.250000    9.939342   clock uncertainty
                                  0.000000    9.939342   clock reconvergence pessimism
                                  0.127992   10.067336   library recovery time
                                             10.067336   data required time
---------------------------------------------------------------------------------------------
                                             10.067336   data required time
                                             -2.126454   data arrival time
---------------------------------------------------------------------------------------------
                                              7.940881   slack (MET)


Startpoint: nRST (input port clocked by clk)
Endpoint: _82_ (recovery check against rising-edge clock clk)
Path Group: asynchronous
Path Type: max

Fanout         Cap        Slew       Delay        Time   Description
---------------------------------------------------------------------------------------------
                                  0.000000    0.000000   clock clk (rise edge)
                                  0.000000    0.000000   clock network delay (propagated)
                                  2.000000    2.000000 ^ input external delay
     1    0.003352    0.015896    0.008689    2.008689 ^ nRST (in)
                                                         nRST (net)
                      0.015896    0.000000    2.008689 ^ input3/A (sky130_fd_sc_hd__clkbuf_2)
     5    0.025333    0.109066    0.117022    2.125711 ^ input3/X (sky130_fd_sc_hd__clkbuf_2)
                                                         net3 (net)
                      0.109068    0.000329    2.126040 ^ _82_/RESET_B (sky130_fd_sc_hd__dfrtp_1)
                                              2.126040   data arrival time

                                 10.000000   10.000000   clock clk (rise edge)
                                  0.000000   10.000000   clock source latency
     1    0.010182    0.039143    0.025579   10.025578 ^ clk (in)
                                                         clk (net)
                      0.039146    0.000000   10.025578 ^ clkbuf_0_clk/A (sky130_fd_sc_hd__clkbuf_16)
     2    0.018999    0.030509    0.086058   10.111637 ^ clkbuf_0_clk/X (sky130_fd_sc_hd__clkbuf_16)
                                                         clknet_0_clk (net)
                      0.030511    0.000552   10.112188 ^ clkbuf_1_0__f_clk/A (sky130_fd_sc_hd__clkbuf_16)
     3    0.009246    0.024015    0.076987   10.189176 ^ clkbuf_1_0__f_clk/X (sky130_fd_sc_hd__clkbuf_16)
                                                         clknet_1_0__leaf_clk (net)
                      0.024016    0.000162   10.189338 ^ _82_/CLK (sky130_fd_sc_hd__dfrtp_1)
                                 -0.250000    9.939338   clock uncertainty
                                  0.000000    9.939338   clock reconvergence pessimism
                                  0.127993   10.067331   library recovery time
                                             10.067331   data required time
---------------------------------------------------------------------------------------------
                                             10.067331   data required time
                                             -2.126040   data arrival time
---------------------------------------------------------------------------------------------
                                              7.941291   slack (MET)



