
===========================================================================
 report_power
============================================================================
======================= nom_ff_n40C_1v95 Corner ===================================

Group                    Internal    Switching      Leakage        Total
                            Power        Power        Power        Power (Watts)
------------------------------------------------------------------------
Sequential           2.516422e-05 2.608371e-06 8.641986e-11 2.777268e-05  22.5%
Combinational        6.911762e-05 2.651639e-05 6.781206e-10 9.563469e-05  77.5%
Macro                0.000000e+00 0.000000e+00 0.000000e+00 0.000000e+00   0.0%
Pad                  0.000000e+00 0.000000e+00 0.000000e+00 0.000000e+00   0.0%
------------------------------------------------------------------------
Total                9.428184e-05 2.912476e-05 7.645404e-10 1.234074e-04 100.0%
                            76.4%        23.6%         0.0%

