
===========================================================================
 report_power
============================================================================
======================= max_tt_025C_1v80 Corner ===================================

Group                    Internal    Switching      Leakage        Total
                            Power        Power        Power        Power (Watts)
------------------------------------------------------------------------
Sequential           2.163388e-05 2.271979e-06 5.636572e-11 2.390591e-05  22.3%
Combinational        6.042696e-05 2.288853e-05 4.020581e-10 8.331588e-05  77.7%
Macro                0.000000e+00 0.000000e+00 0.000000e+00 0.000000e+00   0.0%
Pad                  0.000000e+00 0.000000e+00 0.000000e+00 0.000000e+00   0.0%
------------------------------------------------------------------------
Total                8.206083e-05 2.516050e-05 4.584238e-10 1.072218e-04 100.0%
                            76.5%        23.5%         0.0%

